ℹ Loading sardine
Warning message:
package 'testthat' was built under R version 4.4.3 
ℹ Testing sardine
✔ | F W  S  OK | Context

⠏ |          0 | completion-reports                                             i Creating REDCap project connection...
v REDCap connection created successfully
i Testing connection and fetching project information...
v Connected to REDCap project: COPY (accessosa)
i Fetching project metadata...
i Caching full dataset...
v Cached 46 records with 1117 fields
i Exporting arms from REDCap...
i Fetched 1 arm(s)
i Exporting events from REDCap...
i Fetched 6 event(s)
i Exporting instruments from REDCap...
i Fetched 44 instrument(s)
i Exporting instrument-event mappings from REDCap...
i Fetched 100 instrument-event mapping row(s)

⠋ |          1 | completion-reports                                             i Creating REDCap project connection...
v REDCap connection created successfully
i Testing connection and fetching project information...
v Connected to REDCap project: COPY (accessosa)
i Fetching project metadata...
i Caching full dataset...
v Cached 46 records with 1117 fields
i Exporting arms from REDCap...
i Fetched 1 arm(s)
i Exporting events from REDCap...
i Fetched 6 event(s)
i Exporting instruments from REDCap...
i Fetched 44 instrument(s)
i Exporting instrument-event mappings from REDCap...
i Fetched 100 instrument-event mapping row(s)
i Using "recruitment_setup_arm_1" as baseline event

⠼ |          5 | completion-reports                                             i Creating REDCap project connection...
v REDCap connection created successfully
i Testing connection and fetching project information...
v Connected to REDCap project: COPY (accessosa)
i Fetching project metadata...
i Caching full dataset...
v Cached 46 records with 1117 fields
i Exporting arms from REDCap...
i Fetched 1 arm(s)
i Exporting events from REDCap...
i Fetched 6 event(s)
i Exporting instruments from REDCap...
i Fetched 44 instrument(s)
i Exporting instrument-event mappings from REDCap...
i Fetched 100 instrument-event mapping row(s)
i Using "recruitment_setup_arm_1" as baseline event

⠏ |         10 | completion-reports                                             i Creating REDCap project connection...
v REDCap connection created successfully
i Testing connection and fetching project information...
v Connected to REDCap project: COPY (accessosa)
i Fetching project metadata...
i Caching full dataset...
v Cached 46 records with 1117 fields
i Exporting arms from REDCap...
i Fetched 1 arm(s)
i Exporting events from REDCap...
i Fetched 6 event(s)
i Exporting instruments from REDCap...
i Fetched 44 instrument(s)
i Exporting instrument-event mappings from REDCap...
i Fetched 100 instrument-event mapping row(s)
i Using "recruitment_setup_arm_1" as baseline event

⠼ |         15 | completion-reports                                             i Using "recruitment_setup_arm_1" as baseline event

⠦ |         17 | completion-reports                                             i Using "recruitment_setup_arm_1" as baseline event
i Using "recruitment_setup_arm_1" as baseline event

⠋ |         21 | completion-reports                                             i Creating REDCap project connection...
v REDCap connection created successfully
i Testing connection and fetching project information...
v Connected to REDCap project: COPY (accessosa)
i Fetching project metadata...
i Caching full dataset...
v Cached 46 records with 1117 fields
i Exporting arms from REDCap...
i Fetched 1 arm(s)
i Exporting events from REDCap...
i Fetched 6 event(s)
i Exporting instruments from REDCap...
i Fetched 44 instrument(s)
i Exporting instrument-event mappings from REDCap...
i Fetched 100 instrument-event mapping row(s)
i Using "recruitment_setup_arm_1" as baseline event

⠹ |         23 | completion-reports                                             i Creating REDCap project connection...
v REDCap connection created successfully
i Testing connection and fetching project information...
v Connected to REDCap project: COPY (accessosa)
i Fetching project metadata...
i Caching full dataset...
v Cached 46 records with 1117 fields
i Exporting arms from REDCap...
i Fetched 1 arm(s)
i Exporting events from REDCap...
i Fetched 6 event(s)
i Exporting instruments from REDCap...
i Fetched 44 instrument(s)
i Exporting instrument-event mappings from REDCap...
i Fetched 100 instrument-event mapping row(s)

⠼ |         25 | completion-reports                                             i Creating REDCap project connection...
v REDCap connection created successfully
i Testing connection and fetching project information...
v Connected to REDCap project: COPY (accessosa)
i Fetching project metadata...
i Caching full dataset...
v Cached 46 records with 1117 fields
i Exporting arms from REDCap...
i Fetched 1 arm(s)
i Exporting events from REDCap...
i Fetched 6 event(s)
i Exporting instruments from REDCap...
i Fetched 44 instrument(s)
i Exporting instrument-event mappings from REDCap...
i Fetched 100 instrument-event mapping row(s)

-- Event Completion Summary --

Events: 1
Total participants tracked: 46
Average completion rate: "0%"

⠦ |         27 | completion-reports                                             i Using "recruitment_setup_arm_1" as baseline event

-- Retention Summary --

Baseline participants: 46
Events tracked: 1
Final retention: 46 ("100%")

⠧ |         28 | completion-reports                                             
✔ |         28 | completion-reports [16.2s]

⠏ |          0 | connection                                                     i Creating REDCap project connection...
v REDCap connection created successfully
i Testing connection and fetching project information...
v Connected to REDCap project: COPY (accessosa)
i Fetching project metadata...
i Caching full dataset...
v Cached 46 records with 1117 fields
i Exporting arms from REDCap...
i Fetched 1 arm(s)
i Exporting events from REDCap...
i Fetched 6 event(s)
i Exporting instruments from REDCap...
i Fetched 44 instrument(s)
i Exporting instrument-event mappings from REDCap...
i Fetched 100 instrument-event mapping row(s)

⠙ |          2 | connection                                                     i Creating REDCap project connection...
v REDCap connection created successfully
i Testing connection and fetching project information...
v Connected to REDCap project: COPY (accessosa)
i Fetching project metadata...
i Caching full dataset...
v Cached 46 records with 1117 fields
i Exporting arms from REDCap...
i Fetched 1 arm(s)
i Exporting events from REDCap...
i Fetched 6 event(s)
i Exporting instruments from REDCap...
i Fetched 44 instrument(s)
i Exporting instrument-event mappings from REDCap...
i Fetched 100 instrument-event mapping row(s)

⠧ |          8 | connection                                                     
✔ |         10 | connection [3.9s]

⠏ |          0 | data-import                                                    i Creating REDCap project connection...
v REDCap connection created successfully
i Testing connection and fetching project information...
v Connected to REDCap project: COPY (accessosa)
i Fetching project metadata...
i Caching full dataset...
v Cached 46 records with 1117 fields
i Exporting arms from REDCap...
i Fetched 1 arm(s)
i Exporting events from REDCap...
i Fetched 6 event(s)
i Exporting instruments from REDCap...
i Fetched 44 instrument(s)
i Exporting instrument-event mappings from REDCap...
i Fetched 100 instrument-event mapping row(s)

⠋ |          1 | data-import                                                    i Creating REDCap project connection...
v REDCap connection created successfully
i Testing connection and fetching project information...
v Connected to REDCap project: COPY (accessosa)
i Fetching project metadata...
i Caching full dataset...
v Cached 46 records with 1117 fields
i Exporting arms from REDCap...
i Fetched 1 arm(s)
i Exporting events from REDCap...
i Fetched 6 event(s)
i Exporting instruments from REDCap...
i Fetched 44 instrument(s)
i Exporting instrument-event mappings from REDCap...
i Fetched 100 instrument-event mapping row(s)

⠙ |          2 | data-import                                                    i Creating REDCap project connection...
v REDCap connection created successfully
i Testing connection and fetching project information...
v Connected to REDCap project: COPY (accessosa)
i Fetching project metadata...
i Caching full dataset...
v Cached 46 records with 1117 fields
i Exporting arms from REDCap...
i Fetched 1 arm(s)
i Exporting events from REDCap...
i Fetched 6 event(s)
i Exporting instruments from REDCap...
i Fetched 44 instrument(s)
i Exporting instrument-event mappings from REDCap...
i Fetched 100 instrument-event mapping row(s)

⠹ |      1   2 | data-import                                                    i Creating REDCap project connection...
v REDCap connection created successfully
i Testing connection and fetching project information...
v Connected to REDCap project: COPY (accessosa)
i Fetching project metadata...
i Caching full dataset...
v Cached 46 records with 1117 fields
i Exporting arms from REDCap...
i Fetched 1 arm(s)
i Exporting events from REDCap...
i Fetched 6 event(s)
i Exporting instruments from REDCap...
i Fetched 44 instrument(s)
i Exporting instrument-event mappings from REDCap...
i Fetched 100 instrument-event mapping row(s)
i Refreshing data from REDCap...
v Data refreshed: 46 records

-- Import Change Summary --

i Records to add: 1
i Records to update: 0
i Fields affected: 0
i Importing 1 records to REDCap...
v Successfully imported 1 records
i Refreshing data from REDCap...
v Data refreshed: 47 records

⠸ |      1   3 | data-import                                                    i Refreshing data from REDCap...
v Data refreshed: 47 records

-- Import Change Summary --

i Records to add: 0
i Records to update: 1
i Fields affected: 1

-- Preview of changes (first 5) 
Note: Could not clean up test record: invalid 'na.print' specification
i Creating REDCap project connection...
v REDCap connection created successfully
i Testing connection and fetching project information...
v Connected to REDCap project: COPY (accessosa)
i Fetching project metadata...
i Caching full dataset...
v Cached 47 records with 1117 fields
i Exporting arms from REDCap...
i Fetched 1 arm(s)
i Exporting events from REDCap...
i Fetched 6 event(s)
i Exporting instruments from REDCap...
i Fetched 44 instrument(s)
i Exporting instrument-event mappings from REDCap...
i Fetched 100 instrument-event mapping row(s)
i Refreshing data from REDCap...
v Data refreshed: 47 records

-- Import Change Summary --

i Records to add: 0
i Records to update: 1
i Fields affected: 1
! 1 existing value(s) will be overwritten

-- Preview of changes (first 5) 

⠼ |      2   3 | data-import                                                    i Creating REDCap project connection...
v REDCap connection created successfully
i Testing connection and fetching project information...
v Connected to REDCap project: COPY (accessosa)
i Fetching project metadata...
i Caching full dataset...
v Cached 47 records with 1117 fields
i Exporting arms from REDCap...
i Fetched 1 arm(s)
i Exporting events from REDCap...
i Fetched 6 event(s)
i Exporting instruments from REDCap...
i Fetched 44 instrument(s)
i Exporting instrument-event mappings from REDCap...
i Fetched 100 instrument-event mapping row(s)
i Refreshing data from REDCap...
v Data refreshed: 47 records

-- Import Change Summary --

i Records to add: 1
i Records to update: 0
i Fields affected: 0
i Importing 1 records to REDCap...
v Successfully imported 1 records
i Refreshing data from REDCap...
v Data refreshed: 48 records

⠴ |      2   4 | data-import                                                    i Refreshing data from REDCap...
v Data refreshed: 48 records

-- Import Change Summary --

i Records to add: 0
i Records to update: 1
i Fields affected: 1

-- Preview of changes (first 5) 
Note: Un-import not supported, but that's okay: invalid 'na.print' specification

⠦ |      2   5 | data-import                                                    i Creating REDCap project connection...
v REDCap connection created successfully
i Testing connection and fetching project information...
v Connected to REDCap project: COPY (accessosa)
i Fetching project metadata...
i Caching full dataset...
v Cached 48 records with 1117 fields
i Exporting arms from REDCap...
i Fetched 1 arm(s)
i Exporting events from REDCap...
i Fetched 6 event(s)
i Exporting instruments from REDCap...
i Fetched 44 instrument(s)
i Exporting instrument-event mappings from REDCap...
i Fetched 100 instrument-event mapping row(s)
i Refreshing data from REDCap...
v Data refreshed: 48 records

-- Import Change Summary --

i Records to add: 0
i Records to update: 1
i Fields affected: 1
x Warning: 1 existing value(s) would be overwritten
i Set overwrite = TRUE to allow overwriting existing values

⠧ |      2   6 | data-import                                                    
✔ |      2   6 | data-import [20.1s]

⠏ |          0 | project                                                        i Creating REDCap project connection...
v REDCap connection created successfully
i Testing connection and fetching project information...
v Connected to REDCap project: COPY (accessosa)
i Fetching project metadata...
i Caching full dataset...
v Cached 48 records with 1117 fields
i Exporting arms from REDCap...
i Fetched 1 arm(s)
i Exporting events from REDCap...
i Fetched 6 event(s)
i Exporting instruments from REDCap...
i Fetched 44 instrument(s)
i Exporting instrument-event mappings from REDCap...
i Fetched 100 instrument-event mapping row(s)

⠋ |          1 | project                                                        i Creating REDCap project connection...
v REDCap connection created successfully
i Testing connection and fetching project information...
v Connected to REDCap project: COPY (accessosa)
i Fetching project metadata...
i Caching full dataset...
v Cached 48 records with 1117 fields
i Exporting arms from REDCap...
i Fetched 1 arm(s)
i Exporting events from REDCap...
i Fetched 6 event(s)
i Exporting instruments from REDCap...
i Fetched 44 instrument(s)
i Exporting instrument-event mappings from REDCap...
i Fetched 100 instrument-event mapping row(s)

⠹ |          3 | project                                                        i Creating REDCap project connection...
v REDCap connection created successfully
i Testing connection and fetching project information...
v Connected to REDCap project: COPY (accessosa)
i Fetching project metadata...
i Caching full dataset...
v Cached 48 records with 1117 fields
i Exporting arms from REDCap...
i Fetched 1 arm(s)
i Exporting events from REDCap...
i Fetched 6 event(s)
i Exporting instruments from REDCap...
i Fetched 44 instrument(s)
i Exporting instrument-event mappings from REDCap...
i Fetched 100 instrument-event mapping row(s)

⠼ |          5 | project                                                        i Creating REDCap project connection...
v REDCap connection created successfully
i Testing connection and fetching project information...
v Connected to REDCap project: COPY (accessosa)
i Fetching project metadata...
i Caching full dataset...
v Cached 48 records with 1117 fields
i Exporting arms from REDCap...
i Fetched 1 arm(s)
i Exporting events from REDCap...
i Fetched 6 event(s)
i Exporting instruments from REDCap...
i Fetched 44 instrument(s)
i Exporting instrument-event mappings from REDCap...
i Fetched 100 instrument-event mapping row(s)

⠦ |          7 | project                                                        i Refreshing data from REDCap...
v Data refreshed: 48 records

⠧ |          8 | project                                                        i Creating REDCap project connection...
v REDCap connection created successfully
i Testing connection and fetching project information...
v Connected to REDCap project: COPY (accessosa)
i Fetching project metadata...
i Caching full dataset...
v Cached 48 records with 1117 fields
i Exporting arms from REDCap...
i Fetched 1 arm(s)
i Exporting events from REDCap...
i Fetched 6 event(s)
i Exporting instruments from REDCap...
i Fetched 44 instrument(s)
i Exporting instrument-event mappings from REDCap...
i Fetched 100 instrument-event mapping row(s)

⠇ |          9 | project                                                        i Creating REDCap project connection...
v REDCap connection created successfully
i Testing connection and fetching project information...
v Connected to REDCap project: COPY (accessosa)
i Fetching project metadata...
i Caching full dataset...
v Cached 48 records with 1117 fields
i Exporting arms from REDCap...
i Fetched 1 arm(s)
i Exporting events from REDCap...
i Fetched 6 event(s)
i Exporting instruments from REDCap...
i Fetched 44 instrument(s)
i Exporting instrument-event mappings from REDCap...
i Fetched 100 instrument-event mapping row(s)

⠋ |         11 | project                                                        
⠸ |         14 | project                                                        
⠴ |         16 | project                                                        i Creating REDCap project connection...
v REDCap connection created successfully
i Testing connection and fetching project information...
v Connected to REDCap project: COPY (accessosa)
i Fetching project metadata...
i Caching full dataset...
v Cached 48 records with 1117 fields
i Exporting arms from REDCap...
i Fetched 1 arm(s)
i Exporting events from REDCap...
i Fetched 6 event(s)
i Exporting instruments from REDCap...
i Fetched 44 instrument(s)
i Exporting instrument-event mappings from REDCap...
i Fetched 100 instrument-event mapping row(s)

⠇ |         19 | project                                                        i Creating REDCap project connection...
v REDCap connection created successfully
i Testing connection and fetching project information...
v Connected to REDCap project: COPY (accessosa)
i Fetching project metadata...
i Caching full dataset...
v Cached 48 records with 1117 fields
i Exporting arms from REDCap...
i Fetched 1 arm(s)
i Exporting events from REDCap...
i Fetched 6 event(s)
i Exporting instruments from REDCap...
i Fetched 44 instrument(s)
i Exporting instrument-event mappings from REDCap...
i Fetched 100 instrument-event mapping row(s)

⠹ |         23 | project                                                        
✔ |         32 | project [22.2s]

⠏ |          0 | withings                                                       
⠸ |          4 | withings                                                       
⠏ |         10 | withings                                                       New names:
* `` -> `...10`
* `` -> `...11`
* `` -> `...12`
* `` -> `...13`
* `` -> `...14`
* `` -> `...15`
* `` -> `...16`
* `` -> `...17`
* `` -> `...18`
* `` -> `...19`
* `` -> `...20`
* `` -> `...21`
* `` -> `...22`
* `` -> `...23`
* `` -> `...24`
* `` -> `...25`
* `` -> `...26`
* `` -> `...27`
* `` -> `...28`
* `` -> `...29`
* `` -> `...30`
* `` -> `...31`
* `` -> `...32`
* `` -> `...33`
* `` -> `...34`
* `` -> `...35`
* `` -> `...36`
* `` -> `...37`
* `` -> `...38`
New names:
* `` -> `...10`
* `` -> `...11`
* `` -> `...12`
* `` -> `...13`
* `` -> `...14`
* `` -> `...15`
* `` -> `...16`
* `` -> `...17`
* `` -> `...18`
* `` -> `...19`
* `` -> `...20`
* `` -> `...21`
* `` -> `...22`
* `` -> `...23`
* `` -> `...24`
* `` -> `...25`
* `` -> `...26`
* `` -> `...27`
* `` -> `...28`
* `` -> `...29`
* `` -> `...30`
* `` -> `...31`
* `` -> `...32`
* `` -> `...33`
* `` -> `...34`
* `` -> `...35`
* `` -> `...36`
* `` -> `...37`
* `` -> `...38`
New names:
* `` -> `...10`
* `` -> `...11`
* `` -> `...12`
* `` -> `...13`
* `` -> `...14`
* `` -> `...15`
* `` -> `...16`
* `` -> `...17`
* `` -> `...18`
* `` -> `...19`
* `` -> `...20`
* `` -> `...21`
* `` -> `...22`
* `` -> `...23`
* `` -> `...24`
* `` -> `...25`
* `` -> `...26`
* `` -> `...27`
* `` -> `...28`
* `` -> `...29`
* `` -> `...30`
* `` -> `...31`
* `` -> `...32`
* `` -> `...33`
* `` -> `...34`
* `` -> `...35`
* `` -> `...36`
* `` -> `...37`
* `` -> `...38`
New names:
* `` -> `...10`
* `` -> `...11`
* `` -> `...12`
* `` -> `...13`
* `` -> `...14`
* `` -> `...15`
* `` -> `...16`
* `` -> `...17`
* `` -> `...18`
* `` -> `...19`
* `` -> `...20`
* `` -> `...21`
* `` -> `...22`
* `` -> `...23`
* `` -> `...24`
* `` -> `...25`
* `` -> `...26`
* `` -> `...27`
* `` -> `...28`
* `` -> `...29`
* `` -> `...30`
* `` -> `...31`
* `` -> `...32`
* `` -> `...33`
* `` -> `...34`
* `` -> `...35`
* `` -> `...36`
* `` -> `...37`
* `` -> `...38`

⠋ |         11 | withings                                                       
⠹ |         13 | withings                                                       
⠼ |         15 | withings                                                       
⠴ |         16 | withings                                                       
⠏ |         20 | withings                                                       
⠼ |         25 | withings                                                       
⠸ |         34 | withings                                                       
⠇ |         39 | withings                                                       
⠹ |         43 | withings                                                       
✔ |         49 | withings [168.5s]

══ Results ═════════════════════════════════════════════════════════════════════
Duration: 231.0 s

── Skipped tests (2) ───────────────────────────────────────────────────────────
• Cannot test interactive confirmation in automated tests (1):
  'test-data-import.R:45:3'
• Import failed: invalid 'na.print' specification (1):
  'test-data-import.R:147:5'

[ FAIL 0 | WARN 0 | SKIP 2 | PASS 125 ]
